// Jest Snapshot v1, https://goo.gl/fbAQLP

exports[`Home page renders correctly 1`] = `
<RCTSafeAreaView
  emulateUnlessSupported={true}
  style={
    Object {
      "alignItems": "center",
      "flex": 1,
      "justifyContent": "center",
      "overflow": "visible",
    }
  }
>
  <Text
    accessibilityLabel="brand"
    testID=""
  >
    Consulta Rem√©dios
  </Text>
  <Text
    accessibilityLabel="message"
    testID=""
  >
    Agora sim vai dar certo \\o/
  </Text>
</RCTSafeAreaView>
`;
